// Vitest Snapshot v1, https://vitest.dev/guide/snapshot.html

exports[`fixture > tests/fixtures/args.js 1`] = `
"// args.js
0 === 0;
"1" === '1';
false === false;
null === null;
undefined === undefined;
console.log(
  { "a": "b", "date": new Date(0), "regexp": /abc/g },
);
console.log([1, false, "hello", undefined, null, 2n]);
"
`;

exports[`fixture > tests/fixtures/basic.js 1`] = `
"// basic.js
0.5 === 0.5;
1 === 1;
2 === 2;
3 === 3;
1 === 1;
undefined === undefined;

const { bar = 1 } = {};
"
`;

exports[`fixture > tests/fixtures/css.js 1`] = `
"// css.js
// prettier-ignore
const style = { "color": "red" };
"
`;

exports[`fixture > tests/fixtures/ctx.js 1`] = `
"// ctx.js
"ctx.js" === 'ctx.js';
"
`;

exports[`fixture > tests/fixtures/dedent.js 1`] = `
"// dedent.js
const msg = "if (true) {\\n  const a = 'b'\\n}";
"
`;

exports[`fixture > tests/fixtures/error-assert.js 1`] = `[SyntaxError: The \`assert\` keyword in import attributes is deprecated and it has been replaced by the \`with\` keyword. You can enable the \`deprecatedImportAssert\` parser plugin to suppress this error. (1:42)]`;

exports[`fixture > tests/fixtures/error-not-existed-macro.js 1`] = `[Error: Macro whatever is not existed.]`;

exports[`fixture > tests/fixtures/error-re-export.js 1`] = `[Error: Exporting macros is not allowed.]`;

exports[`fixture > tests/fixtures/import-namespace.js 1`] = `
"// import-namespace.js
0.5 === 0.5;
"
`;

exports[`fixture > tests/fixtures/nested-macro.js 1`] = `
"// nested-macro.js
11 === 11;
"
`;

exports[`fixture > tests/fixtures/nested-object.js 1`] = `
"// nested-object.js
"foo" === 'foo';
"
`;

exports[`fixture > tests/fixtures/node-builtin.js 1`] = `
"// node-builtin.js
"LE" === 'LE'
;("* text=auto eol=lf\\n") ===
  // prettier-ignore
  "* text=auto eol=lf\\n";
"
`;

exports[`fixture > tests/fixtures/non-macros.js 1`] = `
"// non-macros.js
{
  const getRandom = () => 2;
  getRandom() === 2;
}

''.toString();

const genHex = () =>
  Math.floor(Math.random() * 255)
    .toString(16)
    .padStart(2, '0');

const foo = {
  toString: '',
};

class TestCls {
  toString() {}
  #toString() {}
}
"
`;

exports[`fixture > tests/fixtures/promise.js 1`] = `
"// promise.js
const a = "ok";
const b = "ok";
"
`;

exports[`fixture > tests/fixtures/typescript.ts 1`] = `
"// typescript.js
10;
"
`;
