// Vitest Snapshot v1, https://vitest.dev/guide/snapshot.html

exports[`fixture > tests/fixtures/args.js 1`] = `
"0 === 0;
\\"1\\" === '1';
false === false;
null === null;
undefined === undefined;
"
`;

exports[`fixture > tests/fixtures/basic.js 1`] = `
"0.5 === 0.5;
1 === 1;
2 === 2;
3 === 3;
"
`;

exports[`fixture > tests/fixtures/dedent.js 1`] = `
"const msg = \\"if (true) {\\\\n  const a = 'b'\\\\n}\\";
"
`;

exports[`fixture > tests/fixtures/import-namespace.js 1`] = `
"0.5 === 0.5;
"
`;

exports[`fixture > tests/fixtures/nested-object.js 1`] = `
"\\"foo\\" === 'foo';
"
`;

exports[`fixture > tests/fixtures/promise.js 1`] = `
"var promise = \\"ok\\";

export { promise as default };
"
`;
